00000            REC     START   0    
00000  4B216F            JSUB    SINIT    
00003  4B2035    LOOP    JSUB    READ    . reads the value
00006  7503E8            LDT     #1000    
00009  A054              COMPR   T,S    
0000B  332027            JEQ     HALT    . if value is 0 (signaling EOF) end programme
0000E  29000A            COMP    #10    . avoid double newlines
00011  332FEF            JEQ     LOOP    
00014  03206D            LDA     NUM    . parameter for recursive function will be in A
00017  4B206D            JSUB    CALC    . else calculate value
0001A  0F2067            STA     NUM    . result is stored in reg A
0001D  4B2092            JSUB    SETL0    . I have a problem if last digit is 0, so I need to set a flag if it is
00020  4B20D5            JSUB    RVRSE    . reverse NUM for easier print
00023  4B2103            JSUB    WRITE    . and write value
00026  0320C9            LDA     LAST0    . check I we need to print extra 0
00029  290000            COMP    #0    
0002C  37211F            JGT     PRINT0    
0002F  4B2137    PNL     JSUB    PRNTNL    . print new line
00032  3F2FCE            J       LOOP    . repeat until 0
                  
                  
00035  3F2FFD    HALT    J       HALT    
                  
00038  4F0000    RET     RSUB        
                  
                  . rutina za branje
0003B  E100FA    READ    TD      #250    
0003E  D900FA            RD      #250    . preberi prvi char
00041  29000A            COMP    #10    . primerjamo z \n
00044  332FF1            JEQ     RET    
00047  29000D            COMP    #13    . primerjamo z carriage return
0004A  332FEB            JEQ     RET    
0004D  1D0030            SUB     #48    
00050  290000            COMP    #0    . če je 0 pomeni konec programa
00053  332028            JEQ     ENDPRG    
00056  0F202B            STA     NUM    . shranimo
00059  E100FA    RDLOOP  TD      #250    
0005C  D900FA            RD      #250    . preberemo naslednji bit
0005F  29000A            COMP    #10    . primerjamo z \n
00062  332FD3            JEQ     RET    
00065  29000D            COMP    #13    . primerjamo z carriage return
00068  332FCD            JEQ     RET    
0006B  1D0030            SUB     #48    
0006E  AC03              RMO     A,B    
00070  032011            LDA     NUM    
00073  21000A            MUL     #10    
00076  9030              ADDR    B,A    . zmnožimo in seštejemo število
00078  0F2009            STA     NUM    . shranimo ga nazaj v NUM
0007B  3F2FDB            J       RDLOOP    . ponovimo
                  
                  
0007E  6D03E8    ENDPRG  LDS     #1000    
00081  4F0000            RSUB        
                  
                  
                  . podatki za branje
00084  000000    NUM     RESW    1    
                  
                  . rutina za račun
00087  16211C    CALC    STL     @STKP    
0008A  4B20F5            JSUB    SPUSH    
0008D  7A2116            STB     @STKP    
00090  4B20EF            JSUB    SPUSH    
                  
00093  290002            COMP    #2    
00096  3B200A            JLT     RETCLC    
00099  AC03              RMO     A,B    
0009B  1D0001            SUB     #1    
0009E  4B2FE6            JSUB    CALC    
000A1  9830              MULR    B,A    
                  
000A3  4B20EE    RETCLC  JSUB    SPOP    
000A6  6A20FD            LDB     @STKP    
000A9  4B20E8            JSUB    SPOP    
000AC  0A20F7            LDL     @STKP    
000AF  3F2F86            J       RET    
                  
                  
                  
                  . rutina za preverjanje zadnje števke
000B2  010000    SETL0   LDA     #0    
000B5  0F203A            STA     LAST0    
000B8  032FC9            LDA     NUM    
000BB  0F2037            STA     SUBNUM    
000BE  032034    LOOPL0  LDA     SUBNUM    
000C1  6B2031            LDB     SUBNUM    
000C4  25000A            DIV     #10    
000C7  21000A            MUL     #10    
000CA  9430              SUBR    B,A    
000CC  6D000A            LDS     #10    
000CF  9C43              DIVR    S,B    
000D1  7B2021            STB     SUBNUM    
000D4  290000            COMP    #0    
000D7  332003            JEQ     IS0    
000DA  3F2F5B    NOTL0   J       RET    
                  
000DD  032FA4    IS0     LDA     NUM    
000E0  290000            COMP    #0    
000E3  332FF4            JEQ     NOTL0    . if the last digit is zero and is the only digit, we do not need to write it!
000E6  032009            LDA     LAST0    
000E9  190001            ADD     #1    
000EC  0F2003            STA     LAST0    
000EF  3F2FCC            J       LOOPL0    
                  
                  
                  . podatek o zadnji cifri: 0 -> zadnja cifra ni 1 -> zadnja cifra je 0
000F2  000000    LAST0   WORD    0    
000F5  000000    SUBNUM  WORD    0    
                  
                  . rutina za obračanje številke
000F8  010000    RVRSE   LDA     #0    
000FB  0F2028            STA     RVSNUM    . izbriši prejšno vrednost
000FE  032F83    RVLOOP  LDA     NUM    . naloži NUM
00101  290000            COMP    #0    . če je 0 smo že obrnili
00104  332F31            JEQ     RET    . vrni
00107  6F2F7A            LDS     NUM    
0010A  25000A            DIV     #10    
0010D  21000A            MUL     #10    
00110  9404              SUBR    A,S    . zgornje 4 so za računanje mod10, shrani se v S
00112  25000A            DIV     #10    . A shrani preostale števke NUM
00115  0F2F6C            STA     NUM    
00118  03200B            LDA     RVSNUM    . naloži obrnjeno številko in ji dodaj S na konec
0011B  21000A            MUL     #10    
0011E  9040              ADDR    S,A    
00120  0F2003            STA     RVSNUM    
00123  3F2FD8            J       RVLOOP    . ponovi vajo
                  
                  
                  . podatki za reverse
00126  000000    RVSNUM  RESW    1    
                  
                  
                  . rutina za izpis
00129  032FFA    WRITE   LDA     RVSNUM    . podobno kot obračanje, samo ne shranjujemo ampak izpisujemo števke
0012C  290000            COMP    #0    
0012F  332F06            JEQ     RET    
00132  6B2FF1            LDB     RVSNUM    
00135  25000A            DIV     #10    
00138  21000A            MUL     #10    
0013B  9403              SUBR    A,B    
0013D  25000A            DIV     #10    
00140  0F2FE3            STA     RVSNUM    
00143  AC30              RMO     B,A    
00145  190030            ADD     #48    
00148  DD0001            WD      #1    
0014B  3F2FDB            J       WRITE    
                  
                  
                  . rutina za izpis 0
0014E  010030    PRINT0  LDA     #48    . ASCII FOR 0
00151  DD0001            WD      #1    
00154  010000            LDA     #0    
00157  032F98            LDA     LAST0    
0015A  1D0001            SUB     #1    
0015D  0F2F92            STA     LAST0    
00160  290000            COMP    #0    
00163  372FE8            JGT     PRINT0    
00166  3F2EC6            J       PNL    
                  
                  
                  . rutina za izpis \n
00169  01000A    PRNTNL  LDA     #10    
0016C  DD0001            WD      #1    
0016F  3F2EC6            J       RET    
                  
                  . rutine za sklad
                  
00172  0C3C41    SINIT   STA     TEMP    . inicializira stkp
00175  011001A9         +LDA     #STK    
00179  0F202A            STA     STKP    
0017C  003C41            LDA     TEMP    
0017F  4F0000            RSUB        
                  
00182  0C3C41    SPUSH   STA     TEMP    . poveca stkp za 3
00185  03201E            LDA     STKP    
00188  190003            ADD     #3    
0018B  0F2018            STA     STKP    
0018E  003C41            LDA     TEMP    
00191  4F0000            RSUB        
                  
00194  0C3C41    SPOP    STA     TEMP    . zmanjsa stkp za 3
00197  03200C            LDA     STKP    
0019A  1D0003            SUB     #3    
0019D  0F2006            STA     STKP    
001A0  003C41            LDA     TEMP    
001A3  4F0000            RSUB        
                  
                  
                  
                  . podatki za sklad
001A6  000000    STKP    WORD    0    
001A9  00....00  STK     RESW    5000    
03C41  000000    TEMP    RESW    1    . temp za odlaganje vrednosti registrov
                  
03C44                    END     REC    
